[0.034s] Invoking command in '/home/olivier/lemower/dev_ws/src/lemower_package/build/lemower_package': CMAKE_PREFIX_PATH=${CMAKE_PREFIX_PATH}:/opt/ros/kilted DEBUGINFOD_URLS=https://debuginfod.ubuntu.com /usr/bin/cmake --build /home/olivier/lemower/dev_ws/src/lemower_package/build/lemower_package -- -j4 -l4
[0.141s] Invoked command in '/home/olivier/lemower/dev_ws/src/lemower_package/build/lemower_package' returned '0': CMAKE_PREFIX_PATH=${CMAKE_PREFIX_PATH}:/opt/ros/kilted DEBUGINFOD_URLS=https://debuginfod.ubuntu.com /usr/bin/cmake --build /home/olivier/lemower/dev_ws/src/lemower_package/build/lemower_package -- -j4 -l4
[0.166s] Invoking command in '/home/olivier/lemower/dev_ws/src/lemower_package/build/lemower_package': CMAKE_PREFIX_PATH=${CMAKE_PREFIX_PATH}:/opt/ros/kilted DEBUGINFOD_URLS=https://debuginfod.ubuntu.com /usr/bin/cmake --install /home/olivier/lemower/dev_ws/src/lemower_package/build/lemower_package
[0.188s] -- Install configuration: ""
[0.188s] -- Execute custom install script
[0.189s] -- Symlinking: /home/olivier/lemower/dev_ws/src/lemower_package/install/lemower_package/share/lemower_package/launch/rsp.launch.py
[0.214s] -- Up-to-date symlink: /home/olivier/lemower/dev_ws/src/lemower_package/install/lemower_package/share/ament_index/resource_index/package_run_dependencies/lemower_package
[0.215s] -- Up-to-date symlink: /home/olivier/lemower/dev_ws/src/lemower_package/install/lemower_package/share/ament_index/resource_index/parent_prefix_path/lemower_package
[0.215s] -- Up-to-date symlink: /home/olivier/lemower/dev_ws/src/lemower_package/install/lemower_package/share/lemower_package/environment/ament_prefix_path.sh
[0.216s] -- Up-to-date symlink: /home/olivier/lemower/dev_ws/src/lemower_package/install/lemower_package/share/lemower_package/environment/ament_prefix_path.dsv
[0.217s] -- Up-to-date symlink: /home/olivier/lemower/dev_ws/src/lemower_package/install/lemower_package/share/lemower_package/environment/path.sh
[0.217s] -- Up-to-date symlink: /home/olivier/lemower/dev_ws/src/lemower_package/install/lemower_package/share/lemower_package/environment/path.dsv
[0.218s] -- Up-to-date symlink: /home/olivier/lemower/dev_ws/src/lemower_package/install/lemower_package/share/lemower_package/local_setup.bash
[0.219s] -- Up-to-date symlink: /home/olivier/lemower/dev_ws/src/lemower_package/install/lemower_package/share/lemower_package/local_setup.sh
[0.219s] -- Up-to-date symlink: /home/olivier/lemower/dev_ws/src/lemower_package/install/lemower_package/share/lemower_package/local_setup.zsh
[0.225s] -- Up-to-date symlink: /home/olivier/lemower/dev_ws/src/lemower_package/install/lemower_package/share/lemower_package/local_setup.dsv
[0.225s] -- Symlinking: /home/olivier/lemower/dev_ws/src/lemower_package/install/lemower_package/share/lemower_package/package.dsv
[0.245s] -- Up-to-date symlink: /home/olivier/lemower/dev_ws/src/lemower_package/install/lemower_package/share/ament_index/resource_index/packages/lemower_package
[0.246s] -- Up-to-date symlink: /home/olivier/lemower/dev_ws/src/lemower_package/install/lemower_package/share/lemower_package/cmake/lemower_packageConfig.cmake
[0.246s] -- Up-to-date symlink: /home/olivier/lemower/dev_ws/src/lemower_package/install/lemower_package/share/lemower_package/cmake/lemower_packageConfig-version.cmake
[0.246s] -- Up-to-date symlink: /home/olivier/lemower/dev_ws/src/lemower_package/install/lemower_package/share/lemower_package/package.xml
[0.252s] Invoked command in '/home/olivier/lemower/dev_ws/src/lemower_package/build/lemower_package' returned '0': CMAKE_PREFIX_PATH=${CMAKE_PREFIX_PATH}:/opt/ros/kilted DEBUGINFOD_URLS=https://debuginfod.ubuntu.com /usr/bin/cmake --install /home/olivier/lemower/dev_ws/src/lemower_package/build/lemower_package
