[0.028s] Invoking command in '/home/olivier/lemower/dev_ws/src/lemower_package/build/lemower_package': CMAKE_PREFIX_PATH=${CMAKE_PREFIX_PATH}:/opt/ros/jazzy DEBUGINFOD_URLS=https://debuginfod.ubuntu.com /usr/bin/cmake /home/olivier/lemower/dev_ws/src/lemower_package -DCMAKE_INSTALL_PREFIX=/home/olivier/lemower/dev_ws/src/lemower_package/install/lemower_package
[0.112s] -- Found ament_cmake: 2.5.6 (/opt/ros/jazzy/share/ament_cmake/cmake)
[0.534s] -- Override CMake install command with custom implementation using symlinks instead of copying resources
[0.656s] -- Found ament_lint_auto: 0.17.5 (/opt/ros/jazzy/share/ament_lint_auto/cmake)
[0.962s] -- Added test 'cppcheck' to perform static code analysis on C / C++ code
[0.962s] -- Configured cppcheck include dirs: 
[0.962s] -- Configured cppcheck exclude dirs and/or files: 
[0.971s] -- Added test 'flake8' to check Python code syntax and style conventions
[0.971s] -- Configured 'flake8' exclude dirs and/or files: 
[0.987s] -- Added test 'lint_cmake' to check CMake code style
[0.995s] -- Added test 'pep257' to check Python code against some of the docstring style conventions in PEP 257
[1.058s] -- Added test 'uncrustify' to check C / C++ code style
[1.058s] -- Configured uncrustify additional arguments: 
[1.067s] -- Added test 'xmllint' to check XML markup files
[1.070s] -- Configuring done (1.0s)
[1.084s] -- Generating done (0.0s)
[1.089s] -- Build files have been written to: /home/olivier/lemower/dev_ws/src/lemower_package/build/lemower_package
[1.094s] Invoked command in '/home/olivier/lemower/dev_ws/src/lemower_package/build/lemower_package' returned '0': CMAKE_PREFIX_PATH=${CMAKE_PREFIX_PATH}:/opt/ros/jazzy DEBUGINFOD_URLS=https://debuginfod.ubuntu.com /usr/bin/cmake /home/olivier/lemower/dev_ws/src/lemower_package -DCMAKE_INSTALL_PREFIX=/home/olivier/lemower/dev_ws/src/lemower_package/install/lemower_package
[1.096s] Invoking command in '/home/olivier/lemower/dev_ws/src/lemower_package/build/lemower_package': CMAKE_PREFIX_PATH=${CMAKE_PREFIX_PATH}:/opt/ros/jazzy DEBUGINFOD_URLS=https://debuginfod.ubuntu.com /usr/bin/cmake --build /home/olivier/lemower/dev_ws/src/lemower_package/build/lemower_package -- -j4 -l4
[1.175s] Invoked command in '/home/olivier/lemower/dev_ws/src/lemower_package/build/lemower_package' returned '0': CMAKE_PREFIX_PATH=${CMAKE_PREFIX_PATH}:/opt/ros/jazzy DEBUGINFOD_URLS=https://debuginfod.ubuntu.com /usr/bin/cmake --build /home/olivier/lemower/dev_ws/src/lemower_package/build/lemower_package -- -j4 -l4
[1.197s] Invoking command in '/home/olivier/lemower/dev_ws/src/lemower_package/build/lemower_package': CMAKE_PREFIX_PATH=${CMAKE_PREFIX_PATH}:/opt/ros/jazzy DEBUGINFOD_URLS=https://debuginfod.ubuntu.com /usr/bin/cmake --install /home/olivier/lemower/dev_ws/src/lemower_package/build/lemower_package
[1.216s] -- Install configuration: ""
[1.216s] -- Execute custom install script
[1.217s] -- Symlinking: /home/olivier/lemower/dev_ws/src/lemower_package/install/lemower_package/share/lemower_package/launch/gazebo.launch.py
[1.236s] -- Up-to-date symlink: /home/olivier/lemower/dev_ws/src/lemower_package/install/lemower_package/share/lemower_package/launch/rsp.launch.py
[1.236s] -- Up-to-date symlink: /home/olivier/lemower/dev_ws/src/lemower_package/install/lemower_package/share/ament_index/resource_index/package_run_dependencies/lemower_package
[1.237s] -- Up-to-date symlink: /home/olivier/lemower/dev_ws/src/lemower_package/install/lemower_package/share/ament_index/resource_index/parent_prefix_path/lemower_package
[1.237s] -- Symlinking: /home/olivier/lemower/dev_ws/src/lemower_package/install/lemower_package/share/lemower_package/environment/ament_prefix_path.sh
[1.256s] -- Up-to-date symlink: /home/olivier/lemower/dev_ws/src/lemower_package/install/lemower_package/share/lemower_package/environment/ament_prefix_path.dsv
[1.256s] -- Symlinking: /home/olivier/lemower/dev_ws/src/lemower_package/install/lemower_package/share/lemower_package/environment/path.sh
[1.274s] -- Up-to-date symlink: /home/olivier/lemower/dev_ws/src/lemower_package/install/lemower_package/share/lemower_package/environment/path.dsv
[1.274s] -- Up-to-date symlink: /home/olivier/lemower/dev_ws/src/lemower_package/install/lemower_package/share/lemower_package/local_setup.bash
[1.275s] -- Up-to-date symlink: /home/olivier/lemower/dev_ws/src/lemower_package/install/lemower_package/share/lemower_package/local_setup.sh
[1.275s] -- Up-to-date symlink: /home/olivier/lemower/dev_ws/src/lemower_package/install/lemower_package/share/lemower_package/local_setup.zsh
[1.275s] -- Up-to-date symlink: /home/olivier/lemower/dev_ws/src/lemower_package/install/lemower_package/share/lemower_package/local_setup.dsv
[1.275s] -- Symlinking: /home/olivier/lemower/dev_ws/src/lemower_package/install/lemower_package/share/lemower_package/package.dsv
[1.294s] -- Up-to-date symlink: /home/olivier/lemower/dev_ws/src/lemower_package/install/lemower_package/share/ament_index/resource_index/packages/lemower_package
[1.294s] -- Up-to-date symlink: /home/olivier/lemower/dev_ws/src/lemower_package/install/lemower_package/share/lemower_package/cmake/lemower_packageConfig.cmake
[1.294s] -- Up-to-date symlink: /home/olivier/lemower/dev_ws/src/lemower_package/install/lemower_package/share/lemower_package/cmake/lemower_packageConfig-version.cmake
[1.295s] -- Up-to-date symlink: /home/olivier/lemower/dev_ws/src/lemower_package/install/lemower_package/share/lemower_package/package.xml
[1.298s] Invoked command in '/home/olivier/lemower/dev_ws/src/lemower_package/build/lemower_package' returned '0': CMAKE_PREFIX_PATH=${CMAKE_PREFIX_PATH}:/opt/ros/jazzy DEBUGINFOD_URLS=https://debuginfod.ubuntu.com /usr/bin/cmake --install /home/olivier/lemower/dev_ws/src/lemower_package/build/lemower_package
