[0.240s] DEBUG:colcon:Command line arguments: ['/usr/bin/colcon', 'build', '--symlink-install']
[0.240s] DEBUG:colcon:Parsed command line arguments: Namespace(log_base=None, log_level=None, verb_name='build', build_base='build', install_base='install', merge_install=False, symlink_install=True, test_result_base=None, continue_on_error=False, executor='parallel', parallel_workers=4, event_handlers=None, ignore_user_meta=False, metas=['./colcon.meta'], base_paths=['.'], packages_ignore=None, packages_ignore_regex=None, paths=None, packages_up_to=None, packages_up_to_regex=None, packages_above=None, packages_above_and_dependencies=None, packages_above_depth=None, packages_select_by_dep=None, packages_skip_by_dep=None, packages_skip_up_to=None, packages_select_build_failed=False, packages_skip_build_finished=False, packages_select_test_failures=False, packages_skip_test_passed=False, packages_select=None, packages_skip=None, packages_select_regex=None, packages_skip_regex=None, packages_start=None, packages_end=None, allow_overriding=[], cmake_args=None, cmake_target=None, cmake_target_skip_unavailable=False, cmake_clean_cache=False, cmake_clean_first=False, cmake_force_configure=False, ament_cmake_args=None, catkin_cmake_args=None, catkin_skip_building_tests=False, mixin_files=None, mixin=None, verb_parser=<colcon_mixin.mixin.mixin_argument.MixinArgumentDecorator object at 0x718e905a0f50>, verb_extension=<colcon_core.verb.build.BuildVerb object at 0x718e905a0800>, main=<bound method BuildVerb.main of <colcon_core.verb.build.BuildVerb object at 0x718e905a0800>>, mixin_verb=('build',))
[0.318s] Level 1:colcon.colcon_core.package_discovery:discover_packages(colcon_meta) check parameters
[0.319s] Level 1:colcon.colcon_core.package_discovery:discover_packages(recursive) check parameters
[0.319s] Level 1:colcon.colcon_core.package_discovery:discover_packages(ignore) check parameters
[0.319s] Level 1:colcon.colcon_core.package_discovery:discover_packages(path) check parameters
[0.319s] Level 1:colcon.colcon_core.package_discovery:discover_packages(colcon_meta) discover
[0.319s] Level 1:colcon.colcon_core.package_discovery:discover_packages(recursive) discover
[0.319s] INFO:colcon.colcon_core.package_discovery:Crawling recursively for packages in '/home/olivier/lemower/dev_ws/src/lemower_package'
[0.319s] Level 1:colcon.colcon_core.package_identification:_identify(.) by extensions ['ignore', 'ignore_ament_install']
[0.320s] Level 1:colcon.colcon_core.package_identification:_identify(.) by extension 'ignore'
[0.320s] Level 1:colcon.colcon_core.package_identification:_identify(.) by extension 'ignore_ament_install'
[0.320s] Level 1:colcon.colcon_core.package_identification:_identify(.) by extensions ['colcon_pkg']
[0.320s] Level 1:colcon.colcon_core.package_identification:_identify(.) by extension 'colcon_pkg'
[0.320s] Level 1:colcon.colcon_core.package_identification:_identify(.) by extensions ['colcon_meta']
[0.320s] Level 1:colcon.colcon_core.package_identification:_identify(.) by extension 'colcon_meta'
[0.320s] Level 1:colcon.colcon_core.package_identification:_identify(.) by extensions ['ros']
[0.320s] Level 1:colcon.colcon_core.package_identification:_identify(.) by extension 'ros'
[0.378s] DEBUG:colcon.colcon_core.package_identification:Package '.' with type 'ros.ament_cmake' and name 'lemower_package'
[0.378s] Level 1:colcon.colcon_core.package_discovery:discover_packages(recursive) using defaults
[0.378s] Level 1:colcon.colcon_core.package_discovery:discover_packages(ignore) discover
[0.378s] Level 1:colcon.colcon_core.package_discovery:discover_packages(ignore) using defaults
[0.378s] Level 1:colcon.colcon_core.package_discovery:discover_packages(path) discover
[0.378s] Level 1:colcon.colcon_core.package_discovery:discover_packages(path) using defaults
[0.413s] Level 1:colcon.colcon_core.package_discovery:discover_packages(prefix_path) check parameters
[0.413s] Level 1:colcon.colcon_core.package_discovery:discover_packages(prefix_path) discover
[0.418s] DEBUG:colcon.colcon_installed_package_information.package_discovery:Found 326 installed packages in /opt/ros/kilted
[0.422s] Level 1:colcon.colcon_core.package_discovery:discover_packages(prefix_path) using defaults
[0.533s] Level 5:colcon.colcon_core.verb:set package 'lemower_package' build argument 'cmake_args' from command line to 'None'
[0.533s] Level 5:colcon.colcon_core.verb:set package 'lemower_package' build argument 'cmake_target' from command line to 'None'
[0.533s] Level 5:colcon.colcon_core.verb:set package 'lemower_package' build argument 'cmake_target_skip_unavailable' from command line to 'False'
[0.533s] Level 5:colcon.colcon_core.verb:set package 'lemower_package' build argument 'cmake_clean_cache' from command line to 'False'
[0.533s] Level 5:colcon.colcon_core.verb:set package 'lemower_package' build argument 'cmake_clean_first' from command line to 'False'
[0.533s] Level 5:colcon.colcon_core.verb:set package 'lemower_package' build argument 'cmake_force_configure' from command line to 'False'
[0.533s] Level 5:colcon.colcon_core.verb:set package 'lemower_package' build argument 'ament_cmake_args' from command line to 'None'
[0.533s] Level 5:colcon.colcon_core.verb:set package 'lemower_package' build argument 'catkin_cmake_args' from command line to 'None'
[0.533s] Level 5:colcon.colcon_core.verb:set package 'lemower_package' build argument 'catkin_skip_building_tests' from command line to 'False'
[0.534s] DEBUG:colcon.colcon_core.verb:Building package 'lemower_package' with the following arguments: {'ament_cmake_args': None, 'build_base': '/home/olivier/lemower/dev_ws/src/lemower_package/build/lemower_package', 'catkin_cmake_args': None, 'catkin_skip_building_tests': False, 'cmake_args': None, 'cmake_clean_cache': False, 'cmake_clean_first': False, 'cmake_force_configure': False, 'cmake_target': None, 'cmake_target_skip_unavailable': False, 'install_base': '/home/olivier/lemower/dev_ws/src/lemower_package/install/lemower_package', 'merge_install': False, 'path': '/home/olivier/lemower/dev_ws/src/lemower_package', 'symlink_install': True, 'test_result_base': None}
[0.534s] INFO:colcon.colcon_core.executor:Executing jobs using 'parallel' executor
[0.535s] DEBUG:colcon.colcon_parallel_executor.executor.parallel:run_until_complete
[0.536s] INFO:colcon.colcon_ros.task.ament_cmake.build:Building ROS package in '/home/olivier/lemower/dev_ws/src/lemower_package' with build type 'ament_cmake'
[0.536s] INFO:colcon.colcon_cmake.task.cmake.build:Building CMake package in '/home/olivier/lemower/dev_ws/src/lemower_package'
[0.540s] INFO:colcon.colcon_core.plugin_system:Skipping extension 'colcon_core.shell.bat': Not used on non-Windows systems
[0.541s] INFO:colcon.colcon_core.shell:Skip shell extension 'powershell' for command environment: Not usable outside of PowerShell
[0.541s] DEBUG:colcon.colcon_core.shell:Skip shell extension 'dsv' for command environment
[0.556s] DEBUG:colcon.colcon_core.event_handler.log_command:Invoking command in '/home/olivier/lemower/dev_ws/src/lemower_package/build/lemower_package': CMAKE_PREFIX_PATH=${CMAKE_PREFIX_PATH}:/opt/ros/kilted DEBUGINFOD_URLS=https://debuginfod.ubuntu.com /usr/bin/cmake --build /home/olivier/lemower/dev_ws/src/lemower_package/build/lemower_package -- -j4 -l4
[1.260s] DEBUG:colcon.colcon_core.event_handler.log_command:Invoked command in '/home/olivier/lemower/dev_ws/src/lemower_package/build/lemower_package' returned '0': CMAKE_PREFIX_PATH=${CMAKE_PREFIX_PATH}:/opt/ros/kilted DEBUGINFOD_URLS=https://debuginfod.ubuntu.com /usr/bin/cmake --build /home/olivier/lemower/dev_ws/src/lemower_package/build/lemower_package -- -j4 -l4
[1.279s] DEBUG:colcon.colcon_core.event_handler.log_command:Invoking command in '/home/olivier/lemower/dev_ws/src/lemower_package/build/lemower_package': CMAKE_PREFIX_PATH=${CMAKE_PREFIX_PATH}:/opt/ros/kilted DEBUGINFOD_URLS=https://debuginfod.ubuntu.com /usr/bin/cmake --install /home/olivier/lemower/dev_ws/src/lemower_package/build/lemower_package
[1.298s] DEBUG:colcon.colcon_core.event_handler.log_command:Invoked command in '/home/olivier/lemower/dev_ws/src/lemower_package/build/lemower_package' returned '1': CMAKE_PREFIX_PATH=${CMAKE_PREFIX_PATH}:/opt/ros/kilted DEBUGINFOD_URLS=https://debuginfod.ubuntu.com /usr/bin/cmake --install /home/olivier/lemower/dev_ws/src/lemower_package/build/lemower_package
[1.299s] Level 1:colcon.colcon_core.environment:create_environment_scripts_only(lemower_package)
[1.303s] Level 1:colcon.colcon_core.environment:checking '/home/olivier/lemower/dev_ws/src/lemower_package/install/lemower_package' for CMake module files
[1.304s] Level 1:colcon.colcon_core.environment:checking '/home/olivier/lemower/dev_ws/src/lemower_package/install/lemower_package' for CMake config files
[1.305s] Level 1:colcon.colcon_core.environment:checking '/home/olivier/lemower/dev_ws/src/lemower_package/install/lemower_package/bin'
[1.305s] Level 1:colcon.colcon_core.environment:checking '/home/olivier/lemower/dev_ws/src/lemower_package/install/lemower_package/lib/pkgconfig/lemower_package.pc'
[1.306s] Level 1:colcon.colcon_core.environment:checking '/home/olivier/lemower/dev_ws/src/lemower_package/install/lemower_package/lib/python3.12/site-packages'
[1.307s] Level 1:colcon.colcon_core.environment:checking '/home/olivier/lemower/dev_ws/src/lemower_package/install/lemower_package/bin'
[1.307s] INFO:colcon.colcon_core.shell:Creating package script '/home/olivier/lemower/dev_ws/src/lemower_package/install/lemower_package/share/lemower_package/package.ps1'
[1.309s] INFO:colcon.colcon_core.shell:Creating package descriptor '/home/olivier/lemower/dev_ws/src/lemower_package/install/lemower_package/share/lemower_package/package.dsv'
[1.310s] INFO:colcon.colcon_core.shell:Creating package script '/home/olivier/lemower/dev_ws/src/lemower_package/install/lemower_package/share/lemower_package/package.sh'
[1.311s] INFO:colcon.colcon_core.shell:Creating package script '/home/olivier/lemower/dev_ws/src/lemower_package/install/lemower_package/share/lemower_package/package.bash'
[1.312s] INFO:colcon.colcon_core.shell:Creating package script '/home/olivier/lemower/dev_ws/src/lemower_package/install/lemower_package/share/lemower_package/package.zsh'
[1.313s] Level 1:colcon.colcon_core.environment:create_file_with_runtime_dependencies(/home/olivier/lemower/dev_ws/src/lemower_package/install/lemower_package/share/colcon-core/packages/lemower_package)
[1.324s] DEBUG:colcon.colcon_parallel_executor.executor.parallel:closing loop
[1.324s] DEBUG:colcon.colcon_parallel_executor.executor.parallel:loop closed
[1.325s] DEBUG:colcon.colcon_parallel_executor.executor.parallel:run_until_complete finished with '1'
[1.325s] DEBUG:colcon.colcon_core.event_reactor:joining thread
[1.326s] DEBUG:colcon.colcon_core.event_reactor:joined thread
[1.326s] INFO:colcon.colcon_core.shell:Creating prefix script '/home/olivier/lemower/dev_ws/src/lemower_package/install/local_setup.ps1'
[1.327s] INFO:colcon.colcon_core.shell:Creating prefix util module '/home/olivier/lemower/dev_ws/src/lemower_package/install/_local_setup_util_ps1.py'
[1.329s] INFO:colcon.colcon_core.shell:Creating prefix chain script '/home/olivier/lemower/dev_ws/src/lemower_package/install/setup.ps1'
[1.331s] INFO:colcon.colcon_core.shell:Creating prefix script '/home/olivier/lemower/dev_ws/src/lemower_package/install/local_setup.sh'
[1.332s] INFO:colcon.colcon_core.shell:Creating prefix util module '/home/olivier/lemower/dev_ws/src/lemower_package/install/_local_setup_util_sh.py'
[1.333s] INFO:colcon.colcon_core.shell:Creating prefix chain script '/home/olivier/lemower/dev_ws/src/lemower_package/install/setup.sh'
[1.334s] INFO:colcon.colcon_core.shell:Creating prefix script '/home/olivier/lemower/dev_ws/src/lemower_package/install/local_setup.bash'
[1.335s] INFO:colcon.colcon_core.shell:Creating prefix chain script '/home/olivier/lemower/dev_ws/src/lemower_package/install/setup.bash'
[1.336s] INFO:colcon.colcon_core.shell:Creating prefix script '/home/olivier/lemower/dev_ws/src/lemower_package/install/local_setup.zsh'
[1.337s] INFO:colcon.colcon_core.shell:Creating prefix chain script '/home/olivier/lemower/dev_ws/src/lemower_package/install/setup.zsh'
