[0.329s] DEBUG:colcon:Command line arguments: ['/usr/bin/colcon', 'build']
[0.329s] DEBUG:colcon:Parsed command line arguments: Namespace(log_base=None, log_level=None, verb_name='build', build_base='build', install_base='install', merge_install=False, symlink_install=False, test_result_base=None, continue_on_error=False, executor='parallel', parallel_workers=4, event_handlers=None, ignore_user_meta=False, metas=['./colcon.meta'], base_paths=['.'], packages_ignore=None, packages_ignore_regex=None, paths=None, packages_up_to=None, packages_up_to_regex=None, packages_above=None, packages_above_and_dependencies=None, packages_above_depth=None, packages_select_by_dep=None, packages_skip_by_dep=None, packages_skip_up_to=None, packages_select_build_failed=False, packages_skip_build_finished=False, packages_select_test_failures=False, packages_skip_test_passed=False, packages_select=None, packages_skip=None, packages_select_regex=None, packages_skip_regex=None, packages_start=None, packages_end=None, allow_overriding=[], cmake_args=None, cmake_target=None, cmake_target_skip_unavailable=False, cmake_clean_cache=False, cmake_clean_first=False, cmake_force_configure=False, ament_cmake_args=None, catkin_cmake_args=None, catkin_skip_building_tests=False, mixin_files=None, mixin=None, verb_parser=<colcon_mixin.mixin.mixin_argument.MixinArgumentDecorator object at 0x7a4c3cd98b60>, verb_extension=<colcon_core.verb.build.BuildVerb object at 0x7a4c3cd98470>, main=<bound method BuildVerb.main of <colcon_core.verb.build.BuildVerb object at 0x7a4c3cd98470>>, mixin_verb=('build',))
[0.446s] Level 1:colcon.colcon_core.package_discovery:discover_packages(colcon_meta) check parameters
[0.446s] Level 1:colcon.colcon_core.package_discovery:discover_packages(recursive) check parameters
[0.446s] Level 1:colcon.colcon_core.package_discovery:discover_packages(ignore) check parameters
[0.446s] Level 1:colcon.colcon_core.package_discovery:discover_packages(path) check parameters
[0.446s] Level 1:colcon.colcon_core.package_discovery:discover_packages(colcon_meta) discover
[0.447s] Level 1:colcon.colcon_core.package_discovery:discover_packages(recursive) discover
[0.447s] INFO:colcon.colcon_core.package_discovery:Crawling recursively for packages in '/home/olivier/lemower/dev_ws/src/lemower_package'
[0.447s] Level 1:colcon.colcon_core.package_identification:_identify(.) by extensions ['ignore', 'ignore_ament_install']
[0.447s] Level 1:colcon.colcon_core.package_identification:_identify(.) by extension 'ignore'
[0.447s] Level 1:colcon.colcon_core.package_identification:_identify(.) by extension 'ignore_ament_install'
[0.447s] Level 1:colcon.colcon_core.package_identification:_identify(.) by extensions ['colcon_pkg']
[0.447s] Level 1:colcon.colcon_core.package_identification:_identify(.) by extension 'colcon_pkg'
[0.447s] Level 1:colcon.colcon_core.package_identification:_identify(.) by extensions ['colcon_meta']
[0.447s] Level 1:colcon.colcon_core.package_identification:_identify(.) by extension 'colcon_meta'
[0.447s] Level 1:colcon.colcon_core.package_identification:_identify(.) by extensions ['ros']
[0.447s] Level 1:colcon.colcon_core.package_identification:_identify(.) by extension 'ros'
[0.495s] DEBUG:colcon.colcon_core.package_identification:Package '.' with type 'ros.ament_cmake' and name 'lemower_package'
[0.495s] Level 1:colcon.colcon_core.package_discovery:discover_packages(recursive) using defaults
[0.496s] Level 1:colcon.colcon_core.package_discovery:discover_packages(ignore) discover
[0.496s] Level 1:colcon.colcon_core.package_discovery:discover_packages(ignore) using defaults
[0.496s] Level 1:colcon.colcon_core.package_discovery:discover_packages(path) discover
[0.496s] Level 1:colcon.colcon_core.package_discovery:discover_packages(path) using defaults
[0.540s] Level 1:colcon.colcon_core.package_discovery:discover_packages(prefix_path) check parameters
[0.540s] Level 1:colcon.colcon_core.package_discovery:discover_packages(prefix_path) discover
[0.547s] DEBUG:colcon.colcon_installed_package_information.package_discovery:Found 1 installed packages in /home/olivier/lemower/dev_ws/src/lemower_package/install
[0.548s] DEBUG:colcon.colcon_installed_package_information.package_discovery:Found 0 installed packages in /home/olivier/lemower/dev_ws/install
[0.552s] DEBUG:colcon.colcon_installed_package_information.package_discovery:Found 321 installed packages in /opt/ros/jazzy
[0.555s] Level 1:colcon.colcon_core.package_discovery:discover_packages(prefix_path) using defaults
[0.773s] Level 5:colcon.colcon_core.verb:set package 'lemower_package' build argument 'cmake_args' from command line to 'None'
[0.773s] Level 5:colcon.colcon_core.verb:set package 'lemower_package' build argument 'cmake_target' from command line to 'None'
[0.773s] Level 5:colcon.colcon_core.verb:set package 'lemower_package' build argument 'cmake_target_skip_unavailable' from command line to 'False'
[0.773s] Level 5:colcon.colcon_core.verb:set package 'lemower_package' build argument 'cmake_clean_cache' from command line to 'False'
[0.773s] Level 5:colcon.colcon_core.verb:set package 'lemower_package' build argument 'cmake_clean_first' from command line to 'False'
[0.773s] Level 5:colcon.colcon_core.verb:set package 'lemower_package' build argument 'cmake_force_configure' from command line to 'False'
[0.773s] Level 5:colcon.colcon_core.verb:set package 'lemower_package' build argument 'ament_cmake_args' from command line to 'None'
[0.773s] Level 5:colcon.colcon_core.verb:set package 'lemower_package' build argument 'catkin_cmake_args' from command line to 'None'
[0.773s] Level 5:colcon.colcon_core.verb:set package 'lemower_package' build argument 'catkin_skip_building_tests' from command line to 'False'
[0.773s] DEBUG:colcon.colcon_core.verb:Building package 'lemower_package' with the following arguments: {'ament_cmake_args': None, 'build_base': '/home/olivier/lemower/dev_ws/src/lemower_package/build/lemower_package', 'catkin_cmake_args': None, 'catkin_skip_building_tests': False, 'cmake_args': None, 'cmake_clean_cache': False, 'cmake_clean_first': False, 'cmake_force_configure': False, 'cmake_target': None, 'cmake_target_skip_unavailable': False, 'install_base': '/home/olivier/lemower/dev_ws/src/lemower_package/install/lemower_package', 'merge_install': False, 'path': '/home/olivier/lemower/dev_ws/src/lemower_package', 'symlink_install': False, 'test_result_base': None}
[0.773s] INFO:colcon.colcon_core.executor:Executing jobs using 'parallel' executor
[0.775s] DEBUG:colcon.colcon_parallel_executor.executor.parallel:run_until_complete
[0.775s] INFO:colcon.colcon_ros.task.ament_cmake.build:Building ROS package in '/home/olivier/lemower/dev_ws/src/lemower_package' with build type 'ament_cmake'
[0.776s] INFO:colcon.colcon_cmake.task.cmake.build:Building CMake package in '/home/olivier/lemower/dev_ws/src/lemower_package'
[0.783s] INFO:colcon.colcon_core.plugin_system:Skipping extension 'colcon_core.shell.bat': Not used on non-Windows systems
[0.784s] INFO:colcon.colcon_core.shell:Skip shell extension 'powershell' for command environment: Not usable outside of PowerShell
[0.784s] DEBUG:colcon.colcon_core.shell:Skip shell extension 'dsv' for command environment
[0.805s] DEBUG:colcon.colcon_core.event_handler.log_command:Invoking command in '/home/olivier/lemower/dev_ws/src/lemower_package/build/lemower_package': CMAKE_PREFIX_PATH=${CMAKE_PREFIX_PATH}:/opt/ros/jazzy DEBUGINFOD_URLS=https://debuginfod.ubuntu.com /usr/bin/cmake /home/olivier/lemower/dev_ws/src/lemower_package -DCMAKE_INSTALL_PREFIX=/home/olivier/lemower/dev_ws/src/lemower_package/install/lemower_package
[1.871s] DEBUG:colcon.colcon_core.event_handler.log_command:Invoked command in '/home/olivier/lemower/dev_ws/src/lemower_package/build/lemower_package' returned '0': CMAKE_PREFIX_PATH=${CMAKE_PREFIX_PATH}:/opt/ros/jazzy DEBUGINFOD_URLS=https://debuginfod.ubuntu.com /usr/bin/cmake /home/olivier/lemower/dev_ws/src/lemower_package -DCMAKE_INSTALL_PREFIX=/home/olivier/lemower/dev_ws/src/lemower_package/install/lemower_package
[1.873s] DEBUG:colcon.colcon_core.event_handler.log_command:Invoking command in '/home/olivier/lemower/dev_ws/src/lemower_package/build/lemower_package': CMAKE_PREFIX_PATH=${CMAKE_PREFIX_PATH}:/opt/ros/jazzy DEBUGINFOD_URLS=https://debuginfod.ubuntu.com /usr/bin/cmake --build /home/olivier/lemower/dev_ws/src/lemower_package/build/lemower_package -- -j4 -l4
[1.952s] DEBUG:colcon.colcon_core.event_handler.log_command:Invoked command in '/home/olivier/lemower/dev_ws/src/lemower_package/build/lemower_package' returned '0': CMAKE_PREFIX_PATH=${CMAKE_PREFIX_PATH}:/opt/ros/jazzy DEBUGINFOD_URLS=https://debuginfod.ubuntu.com /usr/bin/cmake --build /home/olivier/lemower/dev_ws/src/lemower_package/build/lemower_package -- -j4 -l4
[1.973s] DEBUG:colcon.colcon_core.event_handler.log_command:Invoking command in '/home/olivier/lemower/dev_ws/src/lemower_package/build/lemower_package': CMAKE_PREFIX_PATH=${CMAKE_PREFIX_PATH}:/opt/ros/jazzy DEBUGINFOD_URLS=https://debuginfod.ubuntu.com /usr/bin/cmake --install /home/olivier/lemower/dev_ws/src/lemower_package/build/lemower_package
[2.074s] Level 1:colcon.colcon_core.environment:create_environment_scripts_only(lemower_package)
[2.075s] DEBUG:colcon.colcon_core.event_handler.log_command:Invoked command in '/home/olivier/lemower/dev_ws/src/lemower_package/build/lemower_package' returned '0': CMAKE_PREFIX_PATH=${CMAKE_PREFIX_PATH}:/opt/ros/jazzy DEBUGINFOD_URLS=https://debuginfod.ubuntu.com /usr/bin/cmake --install /home/olivier/lemower/dev_ws/src/lemower_package/build/lemower_package
[2.085s] Level 1:colcon.colcon_core.environment:checking '/home/olivier/lemower/dev_ws/src/lemower_package/install/lemower_package' for CMake module files
[2.087s] Level 1:colcon.colcon_core.environment:checking '/home/olivier/lemower/dev_ws/src/lemower_package/install/lemower_package' for CMake config files
[2.088s] Level 1:colcon.colcon_core.shell:create_environment_hook('lemower_package', 'cmake_prefix_path')
[2.088s] INFO:colcon.colcon_core.shell:Creating environment hook '/home/olivier/lemower/dev_ws/src/lemower_package/install/lemower_package/share/lemower_package/hook/cmake_prefix_path.ps1'
[2.090s] INFO:colcon.colcon_core.shell:Creating environment descriptor '/home/olivier/lemower/dev_ws/src/lemower_package/install/lemower_package/share/lemower_package/hook/cmake_prefix_path.dsv'
[2.091s] INFO:colcon.colcon_core.shell:Creating environment hook '/home/olivier/lemower/dev_ws/src/lemower_package/install/lemower_package/share/lemower_package/hook/cmake_prefix_path.sh'
[2.093s] Level 1:colcon.colcon_core.environment:checking '/home/olivier/lemower/dev_ws/src/lemower_package/install/lemower_package/bin'
[2.093s] Level 1:colcon.colcon_core.environment:checking '/home/olivier/lemower/dev_ws/src/lemower_package/install/lemower_package/lib/pkgconfig/lemower_package.pc'
[2.093s] Level 1:colcon.colcon_core.environment:checking '/home/olivier/lemower/dev_ws/src/lemower_package/install/lemower_package/lib/python3.12/site-packages'
[2.094s] Level 1:colcon.colcon_core.environment:checking '/home/olivier/lemower/dev_ws/src/lemower_package/install/lemower_package/bin'
[2.094s] INFO:colcon.colcon_core.shell:Creating package script '/home/olivier/lemower/dev_ws/src/lemower_package/install/lemower_package/share/lemower_package/package.ps1'
[2.096s] INFO:colcon.colcon_core.shell:Creating package descriptor '/home/olivier/lemower/dev_ws/src/lemower_package/install/lemower_package/share/lemower_package/package.dsv'
[2.097s] INFO:colcon.colcon_core.shell:Creating package script '/home/olivier/lemower/dev_ws/src/lemower_package/install/lemower_package/share/lemower_package/package.sh'
[2.098s] INFO:colcon.colcon_core.shell:Creating package script '/home/olivier/lemower/dev_ws/src/lemower_package/install/lemower_package/share/lemower_package/package.bash'
[2.099s] INFO:colcon.colcon_core.shell:Creating package script '/home/olivier/lemower/dev_ws/src/lemower_package/install/lemower_package/share/lemower_package/package.zsh'
[2.100s] Level 1:colcon.colcon_core.environment:create_file_with_runtime_dependencies(/home/olivier/lemower/dev_ws/src/lemower_package/install/lemower_package/share/colcon-core/packages/lemower_package)
[2.101s] Level 1:colcon.colcon_core.environment:create_environment_scripts_only(lemower_package)
[2.101s] Level 1:colcon.colcon_core.environment:checking '/home/olivier/lemower/dev_ws/src/lemower_package/install/lemower_package' for CMake module files
[2.103s] Level 1:colcon.colcon_core.environment:checking '/home/olivier/lemower/dev_ws/src/lemower_package/install/lemower_package' for CMake config files
[2.103s] Level 1:colcon.colcon_core.shell:create_environment_hook('lemower_package', 'cmake_prefix_path')
[2.103s] INFO:colcon.colcon_core.shell:Creating environment hook '/home/olivier/lemower/dev_ws/src/lemower_package/install/lemower_package/share/lemower_package/hook/cmake_prefix_path.ps1'
[2.104s] INFO:colcon.colcon_core.shell:Creating environment descriptor '/home/olivier/lemower/dev_ws/src/lemower_package/install/lemower_package/share/lemower_package/hook/cmake_prefix_path.dsv'
[2.105s] INFO:colcon.colcon_core.shell:Creating environment hook '/home/olivier/lemower/dev_ws/src/lemower_package/install/lemower_package/share/lemower_package/hook/cmake_prefix_path.sh'
[2.106s] Level 1:colcon.colcon_core.environment:checking '/home/olivier/lemower/dev_ws/src/lemower_package/install/lemower_package/bin'
[2.106s] Level 1:colcon.colcon_core.environment:checking '/home/olivier/lemower/dev_ws/src/lemower_package/install/lemower_package/lib/pkgconfig/lemower_package.pc'
[2.106s] Level 1:colcon.colcon_core.environment:checking '/home/olivier/lemower/dev_ws/src/lemower_package/install/lemower_package/lib/python3.12/site-packages'
[2.107s] Level 1:colcon.colcon_core.environment:checking '/home/olivier/lemower/dev_ws/src/lemower_package/install/lemower_package/bin'
[2.108s] INFO:colcon.colcon_core.shell:Creating package script '/home/olivier/lemower/dev_ws/src/lemower_package/install/lemower_package/share/lemower_package/package.ps1'
[2.109s] INFO:colcon.colcon_core.shell:Creating package descriptor '/home/olivier/lemower/dev_ws/src/lemower_package/install/lemower_package/share/lemower_package/package.dsv'
[2.110s] INFO:colcon.colcon_core.shell:Creating package script '/home/olivier/lemower/dev_ws/src/lemower_package/install/lemower_package/share/lemower_package/package.sh'
[2.110s] INFO:colcon.colcon_core.shell:Creating package script '/home/olivier/lemower/dev_ws/src/lemower_package/install/lemower_package/share/lemower_package/package.bash'
[2.111s] INFO:colcon.colcon_core.shell:Creating package script '/home/olivier/lemower/dev_ws/src/lemower_package/install/lemower_package/share/lemower_package/package.zsh'
[2.112s] Level 1:colcon.colcon_core.environment:create_file_with_runtime_dependencies(/home/olivier/lemower/dev_ws/src/lemower_package/install/lemower_package/share/colcon-core/packages/lemower_package)
[2.113s] DEBUG:colcon.colcon_parallel_executor.executor.parallel:closing loop
[2.113s] DEBUG:colcon.colcon_parallel_executor.executor.parallel:loop closed
[2.113s] DEBUG:colcon.colcon_parallel_executor.executor.parallel:run_until_complete finished with '0'
[2.113s] DEBUG:colcon.colcon_core.event_reactor:joining thread
[2.143s] INFO:colcon.colcon_core.plugin_system:Skipping extension 'colcon_notification.desktop_notification.terminal_notifier': Not used on non-Darwin systems
[2.143s] INFO:colcon.colcon_core.plugin_system:Skipping extension 'colcon_notification.desktop_notification.win32': Not used on non-Windows systems
[2.143s] INFO:colcon.colcon_notification.desktop_notification:Sending desktop notification using 'notify2'
[2.194s] DEBUG:colcon.colcon_core.event_reactor:joined thread
[2.195s] INFO:colcon.colcon_core.shell:Creating prefix script '/home/olivier/lemower/dev_ws/src/lemower_package/install/local_setup.ps1'
[2.197s] INFO:colcon.colcon_core.shell:Creating prefix util module '/home/olivier/lemower/dev_ws/src/lemower_package/install/_local_setup_util_ps1.py'
[2.200s] INFO:colcon.colcon_core.shell:Creating prefix chain script '/home/olivier/lemower/dev_ws/src/lemower_package/install/setup.ps1'
[2.203s] INFO:colcon.colcon_core.shell:Creating prefix script '/home/olivier/lemower/dev_ws/src/lemower_package/install/local_setup.sh'
[2.204s] INFO:colcon.colcon_core.shell:Creating prefix util module '/home/olivier/lemower/dev_ws/src/lemower_package/install/_local_setup_util_sh.py'
[2.205s] INFO:colcon.colcon_core.shell:Creating prefix chain script '/home/olivier/lemower/dev_ws/src/lemower_package/install/setup.sh'
[2.208s] INFO:colcon.colcon_core.shell:Creating prefix script '/home/olivier/lemower/dev_ws/src/lemower_package/install/local_setup.bash'
[2.209s] INFO:colcon.colcon_core.shell:Creating prefix chain script '/home/olivier/lemower/dev_ws/src/lemower_package/install/setup.bash'
[2.212s] INFO:colcon.colcon_core.shell:Creating prefix script '/home/olivier/lemower/dev_ws/src/lemower_package/install/local_setup.zsh'
[2.213s] INFO:colcon.colcon_core.shell:Creating prefix chain script '/home/olivier/lemower/dev_ws/src/lemower_package/install/setup.zsh'
