[0.015s] Invoking command in '/home/olivier/lemower/dev_ws/src/lemower_package/build/lemower_package': CMAKE_PREFIX_PATH=${CMAKE_PREFIX_PATH}:/opt/ros/kilted DEBUGINFOD_URLS=https://debuginfod.ubuntu.com /usr/bin/cmake /home/olivier/lemower/dev_ws/src/lemower_package -DAMENT_CMAKE_SYMLINK_INSTALL=1 -DCMAKE_INSTALL_PREFIX=/home/olivier/lemower/dev_ws/src/lemower_package/install/lemower_package
[0.490s] -- The C compiler identification is GNU 13.3.0
[0.781s] -- The CXX compiler identification is GNU 13.3.0
[0.821s] -- Detecting C compiler ABI info
[1.025s] -- Detecting C compiler ABI info - done
[1.045s] -- Check for working C compiler: /usr/bin/cc - skipped
[1.046s] -- Detecting C compile features
[1.047s] -- Detecting C compile features - done
[1.067s] -- Detecting CXX compiler ABI info
[1.269s] -- Detecting CXX compiler ABI info - done
[1.288s] -- Check for working CXX compiler: /usr/bin/c++ - skipped
[1.288s] -- Detecting CXX compile features
[1.289s] -- Detecting CXX compile features - done
[1.334s] -- Found ament_cmake: 2.7.5 (/opt/ros/kilted/share/ament_cmake/cmake)
[1.615s] -- Found Python3: /usr/bin/python3 (found version "3.12.3") found components: Interpreter 
[1.786s] -- Override CMake install command with custom implementation using symlinks instead of copying resources
[1.873s] -- Found ament_lint_auto: 0.19.3 (/opt/ros/kilted/share/ament_lint_auto/cmake)
[2.121s] -- Added test 'cppcheck' to perform static code analysis on C / C++ code
[2.121s] -- Configured cppcheck include dirs: 
[2.122s] -- Configured cppcheck exclude dirs and/or files: 
[2.124s] -- Added test 'flake8' to check Python code syntax and style conventions
[2.125s] -- Configured 'flake8' exclude dirs and/or files: 
[2.128s] -- Added test 'lint_cmake' to check CMake code style
[2.131s] -- Added test 'pep257' to check Python code against some of the docstring style conventions in PEP 257
[2.143s] -- Added test 'uncrustify' to check C / C++ code style
[2.143s] -- Configured uncrustify additional arguments: 
[2.146s] -- Added test 'xmllint' to check XML markup files
[2.151s] -- Configuring done (2.0s)
[2.161s] -- Generating done (0.0s)
[2.166s] -- Build files have been written to: /home/olivier/lemower/dev_ws/src/lemower_package/build/lemower_package
[2.177s] Invoked command in '/home/olivier/lemower/dev_ws/src/lemower_package/build/lemower_package' returned '0': CMAKE_PREFIX_PATH=${CMAKE_PREFIX_PATH}:/opt/ros/kilted DEBUGINFOD_URLS=https://debuginfod.ubuntu.com /usr/bin/cmake /home/olivier/lemower/dev_ws/src/lemower_package -DAMENT_CMAKE_SYMLINK_INSTALL=1 -DCMAKE_INSTALL_PREFIX=/home/olivier/lemower/dev_ws/src/lemower_package/install/lemower_package
[2.179s] Invoking command in '/home/olivier/lemower/dev_ws/src/lemower_package/build/lemower_package': CMAKE_PREFIX_PATH=${CMAKE_PREFIX_PATH}:/opt/ros/kilted DEBUGINFOD_URLS=https://debuginfod.ubuntu.com /usr/bin/cmake --build /home/olivier/lemower/dev_ws/src/lemower_package/build/lemower_package -- -j4 -l4
[2.255s] Invoked command in '/home/olivier/lemower/dev_ws/src/lemower_package/build/lemower_package' returned '0': CMAKE_PREFIX_PATH=${CMAKE_PREFIX_PATH}:/opt/ros/kilted DEBUGINFOD_URLS=https://debuginfod.ubuntu.com /usr/bin/cmake --build /home/olivier/lemower/dev_ws/src/lemower_package/build/lemower_package -- -j4 -l4
[2.274s] Invoking command in '/home/olivier/lemower/dev_ws/src/lemower_package/build/lemower_package': CMAKE_PREFIX_PATH=${CMAKE_PREFIX_PATH}:/opt/ros/kilted DEBUGINFOD_URLS=https://debuginfod.ubuntu.com /usr/bin/cmake --install /home/olivier/lemower/dev_ws/src/lemower_package/build/lemower_package
[2.291s] -- Install configuration: ""
[2.292s] -- Execute custom install script
[2.292s] [31mCMake Error at ament_cmake_symlink_install/ament_cmake_symlink_install.cmake:105 (message):
[2.292s]   ament_cmake_symlink_install_directory() can't find
[2.292s]   '/home/olivier/lemower/dev_ws/src/lemower_package/launch'
[2.293s] Call Stack (most recent call first):
[2.293s]   ament_cmake_symlink_install/ament_cmake_symlink_install.cmake:323 (ament_cmake_symlink_install_directory)
[2.293s]   cmake_install.cmake:46 (include)
[2.293s] 
[2.293s] [0m
[2.295s] Invoked command in '/home/olivier/lemower/dev_ws/src/lemower_package/build/lemower_package' returned '1': CMAKE_PREFIX_PATH=${CMAKE_PREFIX_PATH}:/opt/ros/kilted DEBUGINFOD_URLS=https://debuginfod.ubuntu.com /usr/bin/cmake --install /home/olivier/lemower/dev_ws/src/lemower_package/build/lemower_package
