[0.249s] DEBUG:colcon:Command line arguments: ['/usr/bin/colcon', 'build']
[0.249s] DEBUG:colcon:Parsed command line arguments: Namespace(log_base=None, log_level=None, verb_name='build', build_base='build', install_base='install', merge_install=False, symlink_install=False, test_result_base=None, continue_on_error=False, executor='parallel', parallel_workers=4, event_handlers=None, ignore_user_meta=False, metas=['./colcon.meta'], base_paths=['.'], packages_ignore=None, packages_ignore_regex=None, paths=None, packages_up_to=None, packages_up_to_regex=None, packages_above=None, packages_above_and_dependencies=None, packages_above_depth=None, packages_select_by_dep=None, packages_skip_by_dep=None, packages_skip_up_to=None, packages_select_build_failed=False, packages_skip_build_finished=False, packages_select_test_failures=False, packages_skip_test_passed=False, packages_select=None, packages_skip=None, packages_select_regex=None, packages_skip_regex=None, packages_start=None, packages_end=None, allow_overriding=[], cmake_args=None, cmake_target=None, cmake_target_skip_unavailable=False, cmake_clean_cache=False, cmake_clean_first=False, cmake_force_configure=False, ament_cmake_args=None, catkin_cmake_args=None, catkin_skip_building_tests=False, mixin_files=None, mixin=None, verb_parser=<colcon_mixin.mixin.mixin_argument.MixinArgumentDecorator object at 0x7582e058cef0>, verb_extension=<colcon_core.verb.build.BuildVerb object at 0x7582e058c710>, main=<bound method BuildVerb.main of <colcon_core.verb.build.BuildVerb object at 0x7582e058c710>>, mixin_verb=('build',))
[0.326s] Level 1:colcon.colcon_core.package_discovery:discover_packages(colcon_meta) check parameters
[0.326s] Level 1:colcon.colcon_core.package_discovery:discover_packages(recursive) check parameters
[0.326s] Level 1:colcon.colcon_core.package_discovery:discover_packages(ignore) check parameters
[0.326s] Level 1:colcon.colcon_core.package_discovery:discover_packages(path) check parameters
[0.326s] Level 1:colcon.colcon_core.package_discovery:discover_packages(colcon_meta) discover
[0.326s] Level 1:colcon.colcon_core.package_discovery:discover_packages(recursive) discover
[0.327s] INFO:colcon.colcon_core.package_discovery:Crawling recursively for packages in '/home/olivier/lemower/dev_ws/src/lemower_package'
[0.327s] Level 1:colcon.colcon_core.package_identification:_identify(.) by extensions ['ignore', 'ignore_ament_install']
[0.327s] Level 1:colcon.colcon_core.package_identification:_identify(.) by extension 'ignore'
[0.327s] Level 1:colcon.colcon_core.package_identification:_identify(.) by extension 'ignore_ament_install'
[0.327s] Level 1:colcon.colcon_core.package_identification:_identify(.) by extensions ['colcon_pkg']
[0.327s] Level 1:colcon.colcon_core.package_identification:_identify(.) by extension 'colcon_pkg'
[0.327s] Level 1:colcon.colcon_core.package_identification:_identify(.) by extensions ['colcon_meta']
[0.327s] Level 1:colcon.colcon_core.package_identification:_identify(.) by extension 'colcon_meta'
[0.327s] Level 1:colcon.colcon_core.package_identification:_identify(.) by extensions ['ros']
[0.327s] Level 1:colcon.colcon_core.package_identification:_identify(.) by extension 'ros'
[0.376s] DEBUG:colcon.colcon_core.package_identification:Package '.' with type 'ros.ament_cmake' and name 'lemower_package'
[0.376s] Level 1:colcon.colcon_core.package_discovery:discover_packages(recursive) using defaults
[0.377s] Level 1:colcon.colcon_core.package_discovery:discover_packages(ignore) discover
[0.377s] Level 1:colcon.colcon_core.package_discovery:discover_packages(ignore) using defaults
[0.377s] Level 1:colcon.colcon_core.package_discovery:discover_packages(path) discover
[0.377s] Level 1:colcon.colcon_core.package_discovery:discover_packages(path) using defaults
[0.408s] Level 1:colcon.colcon_core.package_discovery:discover_packages(prefix_path) check parameters
[0.409s] Level 1:colcon.colcon_core.package_discovery:discover_packages(prefix_path) discover
[0.412s] DEBUG:colcon.colcon_installed_package_information.package_discovery:Found 1 installed packages in /home/olivier/lemower/dev_ws/src/lemower_package/install
[0.412s] DEBUG:colcon.colcon_installed_package_information.package_discovery:Found 1 installed packages in /home/olivier/lemower/dev_ws/install
[0.415s] DEBUG:colcon.colcon_installed_package_information.package_discovery:Found 321 installed packages in /opt/ros/jazzy
[0.418s] Level 1:colcon.colcon_core.package_discovery:discover_packages(prefix_path) using defaults
[0.511s] Level 5:colcon.colcon_core.verb:set package 'lemower_package' build argument 'cmake_args' from command line to 'None'
[0.511s] Level 5:colcon.colcon_core.verb:set package 'lemower_package' build argument 'cmake_target' from command line to 'None'
[0.511s] Level 5:colcon.colcon_core.verb:set package 'lemower_package' build argument 'cmake_target_skip_unavailable' from command line to 'False'
[0.511s] Level 5:colcon.colcon_core.verb:set package 'lemower_package' build argument 'cmake_clean_cache' from command line to 'False'
[0.511s] Level 5:colcon.colcon_core.verb:set package 'lemower_package' build argument 'cmake_clean_first' from command line to 'False'
[0.511s] Level 5:colcon.colcon_core.verb:set package 'lemower_package' build argument 'cmake_force_configure' from command line to 'False'
[0.511s] Level 5:colcon.colcon_core.verb:set package 'lemower_package' build argument 'ament_cmake_args' from command line to 'None'
[0.512s] Level 5:colcon.colcon_core.verb:set package 'lemower_package' build argument 'catkin_cmake_args' from command line to 'None'
[0.512s] Level 5:colcon.colcon_core.verb:set package 'lemower_package' build argument 'catkin_skip_building_tests' from command line to 'False'
[0.512s] DEBUG:colcon.colcon_core.verb:Building package 'lemower_package' with the following arguments: {'ament_cmake_args': None, 'build_base': '/home/olivier/lemower/dev_ws/src/lemower_package/build/lemower_package', 'catkin_cmake_args': None, 'catkin_skip_building_tests': False, 'cmake_args': None, 'cmake_clean_cache': False, 'cmake_clean_first': False, 'cmake_force_configure': False, 'cmake_target': None, 'cmake_target_skip_unavailable': False, 'install_base': '/home/olivier/lemower/dev_ws/src/lemower_package/install/lemower_package', 'merge_install': False, 'path': '/home/olivier/lemower/dev_ws/src/lemower_package', 'symlink_install': False, 'test_result_base': None}
[0.512s] INFO:colcon.colcon_core.executor:Executing jobs using 'parallel' executor
[0.513s] DEBUG:colcon.colcon_parallel_executor.executor.parallel:run_until_complete
[0.514s] INFO:colcon.colcon_ros.task.ament_cmake.build:Building ROS package in '/home/olivier/lemower/dev_ws/src/lemower_package' with build type 'ament_cmake'
[0.514s] INFO:colcon.colcon_cmake.task.cmake.build:Building CMake package in '/home/olivier/lemower/dev_ws/src/lemower_package'
[0.519s] INFO:colcon.colcon_core.plugin_system:Skipping extension 'colcon_core.shell.bat': Not used on non-Windows systems
[0.520s] INFO:colcon.colcon_core.shell:Skip shell extension 'powershell' for command environment: Not usable outside of PowerShell
[0.520s] DEBUG:colcon.colcon_core.shell:Skip shell extension 'dsv' for command environment
[0.543s] DEBUG:colcon.colcon_core.event_handler.log_command:Invoking command in '/home/olivier/lemower/dev_ws/src/lemower_package/build/lemower_package': CMAKE_PREFIX_PATH=${CMAKE_PREFIX_PATH}:/opt/ros/jazzy DEBUGINFOD_URLS=https://debuginfod.ubuntu.com /usr/bin/cmake --build /home/olivier/lemower/dev_ws/src/lemower_package/build/lemower_package -- -j4 -l4
[1.440s] DEBUG:colcon.colcon_core.event_handler.log_command:Invoked command in '/home/olivier/lemower/dev_ws/src/lemower_package/build/lemower_package' returned '0': CMAKE_PREFIX_PATH=${CMAKE_PREFIX_PATH}:/opt/ros/jazzy DEBUGINFOD_URLS=https://debuginfod.ubuntu.com /usr/bin/cmake --build /home/olivier/lemower/dev_ws/src/lemower_package/build/lemower_package -- -j4 -l4
[1.459s] DEBUG:colcon.colcon_core.event_handler.log_command:Invoking command in '/home/olivier/lemower/dev_ws/src/lemower_package/build/lemower_package': CMAKE_PREFIX_PATH=${CMAKE_PREFIX_PATH}:/opt/ros/jazzy DEBUGINFOD_URLS=https://debuginfod.ubuntu.com /usr/bin/cmake --install /home/olivier/lemower/dev_ws/src/lemower_package/build/lemower_package
[1.998s] Level 1:colcon.colcon_core.environment:create_environment_scripts_only(lemower_package)
[1.999s] DEBUG:colcon.colcon_core.event_handler.log_command:Invoked command in '/home/olivier/lemower/dev_ws/src/lemower_package/build/lemower_package' returned '0': CMAKE_PREFIX_PATH=${CMAKE_PREFIX_PATH}:/opt/ros/jazzy DEBUGINFOD_URLS=https://debuginfod.ubuntu.com /usr/bin/cmake --install /home/olivier/lemower/dev_ws/src/lemower_package/build/lemower_package
[2.003s] Level 1:colcon.colcon_core.environment:checking '/home/olivier/lemower/dev_ws/src/lemower_package/install/lemower_package' for CMake module files
[2.004s] Level 1:colcon.colcon_core.environment:checking '/home/olivier/lemower/dev_ws/src/lemower_package/install/lemower_package' for CMake config files
[2.005s] Level 1:colcon.colcon_core.shell:create_environment_hook('lemower_package', 'cmake_prefix_path')
[2.005s] INFO:colcon.colcon_core.shell:Creating environment hook '/home/olivier/lemower/dev_ws/src/lemower_package/install/lemower_package/share/lemower_package/hook/cmake_prefix_path.ps1'
[2.006s] INFO:colcon.colcon_core.shell:Creating environment descriptor '/home/olivier/lemower/dev_ws/src/lemower_package/install/lemower_package/share/lemower_package/hook/cmake_prefix_path.dsv'
[2.007s] INFO:colcon.colcon_core.shell:Creating environment hook '/home/olivier/lemower/dev_ws/src/lemower_package/install/lemower_package/share/lemower_package/hook/cmake_prefix_path.sh'
[2.009s] Level 1:colcon.colcon_core.environment:checking '/home/olivier/lemower/dev_ws/src/lemower_package/install/lemower_package/bin'
[2.009s] Level 1:colcon.colcon_core.environment:checking '/home/olivier/lemower/dev_ws/src/lemower_package/install/lemower_package/lib/pkgconfig/lemower_package.pc'
[2.010s] Level 1:colcon.colcon_core.environment:checking '/home/olivier/lemower/dev_ws/src/lemower_package/install/lemower_package/lib/python3.12/site-packages'
[2.012s] Level 1:colcon.colcon_core.environment:checking '/home/olivier/lemower/dev_ws/src/lemower_package/install/lemower_package/bin'
[2.013s] INFO:colcon.colcon_core.shell:Creating package script '/home/olivier/lemower/dev_ws/src/lemower_package/install/lemower_package/share/lemower_package/package.ps1'
[2.018s] INFO:colcon.colcon_core.shell:Creating package descriptor '/home/olivier/lemower/dev_ws/src/lemower_package/install/lemower_package/share/lemower_package/package.dsv'
[2.019s] INFO:colcon.colcon_core.shell:Creating package script '/home/olivier/lemower/dev_ws/src/lemower_package/install/lemower_package/share/lemower_package/package.sh'
[2.021s] INFO:colcon.colcon_core.shell:Creating package script '/home/olivier/lemower/dev_ws/src/lemower_package/install/lemower_package/share/lemower_package/package.bash'
[2.023s] INFO:colcon.colcon_core.shell:Creating package script '/home/olivier/lemower/dev_ws/src/lemower_package/install/lemower_package/share/lemower_package/package.zsh'
[2.025s] Level 1:colcon.colcon_core.environment:create_file_with_runtime_dependencies(/home/olivier/lemower/dev_ws/src/lemower_package/install/lemower_package/share/colcon-core/packages/lemower_package)
[2.026s] Level 1:colcon.colcon_core.environment:create_environment_scripts_only(lemower_package)
[2.026s] Level 1:colcon.colcon_core.environment:checking '/home/olivier/lemower/dev_ws/src/lemower_package/install/lemower_package' for CMake module files
[2.028s] Level 1:colcon.colcon_core.environment:checking '/home/olivier/lemower/dev_ws/src/lemower_package/install/lemower_package' for CMake config files
[2.029s] Level 1:colcon.colcon_core.shell:create_environment_hook('lemower_package', 'cmake_prefix_path')
[2.030s] INFO:colcon.colcon_core.shell:Creating environment hook '/home/olivier/lemower/dev_ws/src/lemower_package/install/lemower_package/share/lemower_package/hook/cmake_prefix_path.ps1'
[2.033s] INFO:colcon.colcon_core.shell:Creating environment descriptor '/home/olivier/lemower/dev_ws/src/lemower_package/install/lemower_package/share/lemower_package/hook/cmake_prefix_path.dsv'
[2.034s] INFO:colcon.colcon_core.shell:Creating environment hook '/home/olivier/lemower/dev_ws/src/lemower_package/install/lemower_package/share/lemower_package/hook/cmake_prefix_path.sh'
[2.036s] Level 1:colcon.colcon_core.environment:checking '/home/olivier/lemower/dev_ws/src/lemower_package/install/lemower_package/bin'
[2.036s] Level 1:colcon.colcon_core.environment:checking '/home/olivier/lemower/dev_ws/src/lemower_package/install/lemower_package/lib/pkgconfig/lemower_package.pc'
[2.037s] Level 1:colcon.colcon_core.environment:checking '/home/olivier/lemower/dev_ws/src/lemower_package/install/lemower_package/lib/python3.12/site-packages'
[2.038s] Level 1:colcon.colcon_core.environment:checking '/home/olivier/lemower/dev_ws/src/lemower_package/install/lemower_package/bin'
[2.039s] INFO:colcon.colcon_core.shell:Creating package script '/home/olivier/lemower/dev_ws/src/lemower_package/install/lemower_package/share/lemower_package/package.ps1'
[2.041s] INFO:colcon.colcon_core.shell:Creating package descriptor '/home/olivier/lemower/dev_ws/src/lemower_package/install/lemower_package/share/lemower_package/package.dsv'
[2.043s] INFO:colcon.colcon_core.shell:Creating package script '/home/olivier/lemower/dev_ws/src/lemower_package/install/lemower_package/share/lemower_package/package.sh'
[2.043s] INFO:colcon.colcon_core.shell:Creating package script '/home/olivier/lemower/dev_ws/src/lemower_package/install/lemower_package/share/lemower_package/package.bash'
[2.045s] INFO:colcon.colcon_core.shell:Creating package script '/home/olivier/lemower/dev_ws/src/lemower_package/install/lemower_package/share/lemower_package/package.zsh'
[2.045s] Level 1:colcon.colcon_core.environment:create_file_with_runtime_dependencies(/home/olivier/lemower/dev_ws/src/lemower_package/install/lemower_package/share/colcon-core/packages/lemower_package)
[2.046s] DEBUG:colcon.colcon_parallel_executor.executor.parallel:closing loop
[2.046s] DEBUG:colcon.colcon_parallel_executor.executor.parallel:loop closed
[2.047s] DEBUG:colcon.colcon_parallel_executor.executor.parallel:run_until_complete finished with '0'
[2.047s] DEBUG:colcon.colcon_core.event_reactor:joining thread
[2.062s] INFO:colcon.colcon_core.plugin_system:Skipping extension 'colcon_notification.desktop_notification.terminal_notifier': Not used on non-Darwin systems
[2.062s] INFO:colcon.colcon_core.plugin_system:Skipping extension 'colcon_notification.desktop_notification.win32': Not used on non-Windows systems
[2.063s] INFO:colcon.colcon_notification.desktop_notification:Sending desktop notification using 'notify2'
[2.096s] DEBUG:colcon.colcon_core.event_reactor:joined thread
[2.096s] INFO:colcon.colcon_core.shell:Creating prefix script '/home/olivier/lemower/dev_ws/src/lemower_package/install/local_setup.ps1'
[2.098s] INFO:colcon.colcon_core.shell:Creating prefix util module '/home/olivier/lemower/dev_ws/src/lemower_package/install/_local_setup_util_ps1.py'
[2.100s] INFO:colcon.colcon_core.shell:Creating prefix chain script '/home/olivier/lemower/dev_ws/src/lemower_package/install/setup.ps1'
[2.103s] INFO:colcon.colcon_core.shell:Creating prefix script '/home/olivier/lemower/dev_ws/src/lemower_package/install/local_setup.sh'
[2.104s] INFO:colcon.colcon_core.shell:Creating prefix util module '/home/olivier/lemower/dev_ws/src/lemower_package/install/_local_setup_util_sh.py'
[2.105s] INFO:colcon.colcon_core.shell:Creating prefix chain script '/home/olivier/lemower/dev_ws/src/lemower_package/install/setup.sh'
[2.106s] INFO:colcon.colcon_core.shell:Creating prefix script '/home/olivier/lemower/dev_ws/src/lemower_package/install/local_setup.bash'
[2.107s] INFO:colcon.colcon_core.shell:Creating prefix chain script '/home/olivier/lemower/dev_ws/src/lemower_package/install/setup.bash'
[2.109s] INFO:colcon.colcon_core.shell:Creating prefix script '/home/olivier/lemower/dev_ws/src/lemower_package/install/local_setup.zsh'
[2.109s] INFO:colcon.colcon_core.shell:Creating prefix chain script '/home/olivier/lemower/dev_ws/src/lemower_package/install/setup.zsh'
