[0.025s] Invoking command in '/home/olivier/lemower/dev_ws/src/lemower_package/build/lemower_package': CMAKE_PREFIX_PATH=${CMAKE_PREFIX_PATH}:/opt/ros/jazzy DEBUGINFOD_URLS=https://debuginfod.ubuntu.com /usr/bin/cmake --build /home/olivier/lemower/dev_ws/src/lemower_package/build/lemower_package -- -j4 -l4
[0.070s] -- Found ament_cmake: 2.5.6 (/opt/ros/jazzy/share/ament_cmake/cmake)
[0.437s] -- Override CMake install command with custom implementation using symlinks instead of copying resources
[0.450s] -- Found ament_lint_auto: 0.17.5 (/opt/ros/jazzy/share/ament_lint_auto/cmake)
[0.715s] -- Added test 'cppcheck' to perform static code analysis on C / C++ code
[0.716s] -- Configured cppcheck include dirs: 
[0.716s] -- Configured cppcheck exclude dirs and/or files: 
[0.728s] -- Added test 'flake8' to check Python code syntax and style conventions
[0.728s] -- Configured 'flake8' exclude dirs and/or files: 
[0.749s] -- Added test 'lint_cmake' to check CMake code style
[0.760s] -- Added test 'pep257' to check Python code against some of the docstring style conventions in PEP 257
[0.845s] -- Added test 'uncrustify' to check C / C++ code style
[0.845s] -- Configured uncrustify additional arguments: 
[0.856s] -- Added test 'xmllint' to check XML markup files
[0.857s] -- Configuring done (0.8s)
[0.863s] -- Generating done (0.0s)
[0.866s] -- Build files have been written to: /home/olivier/lemower/dev_ws/src/lemower_package/build/lemower_package
[0.910s] Invoked command in '/home/olivier/lemower/dev_ws/src/lemower_package/build/lemower_package' returned '0': CMAKE_PREFIX_PATH=${CMAKE_PREFIX_PATH}:/opt/ros/jazzy DEBUGINFOD_URLS=https://debuginfod.ubuntu.com /usr/bin/cmake --build /home/olivier/lemower/dev_ws/src/lemower_package/build/lemower_package -- -j4 -l4
[0.930s] Invoking command in '/home/olivier/lemower/dev_ws/src/lemower_package/build/lemower_package': CMAKE_PREFIX_PATH=${CMAKE_PREFIX_PATH}:/opt/ros/jazzy DEBUGINFOD_URLS=https://debuginfod.ubuntu.com /usr/bin/cmake --install /home/olivier/lemower/dev_ws/src/lemower_package/build/lemower_package
[0.945s] -- Install configuration: ""
[0.946s] -- Execute custom install script
[0.947s] -- Up-to-date symlink: /home/olivier/lemower/dev_ws/src/lemower_package/install/lemower_package/share/lemower_package/launch/gazebo.launch.py
[0.947s] -- Up-to-date symlink: /home/olivier/lemower/dev_ws/src/lemower_package/install/lemower_package/share/lemower_package/launch/rsp.launch.py
[0.948s] -- Up-to-date symlink: /home/olivier/lemower/dev_ws/src/lemower_package/install/lemower_package/share/lemower_package/description/Construction cone/construction_cone/materials/textures/Construction_Cone_Diffuse.png
[0.948s] -- Up-to-date symlink: /home/olivier/lemower/dev_ws/src/lemower_package/install/lemower_package/share/lemower_package/description/Construction cone/construction_cone/meshes/construction_cone.dae
[0.949s] -- Up-to-date symlink: /home/olivier/lemower/dev_ws/src/lemower_package/install/lemower_package/share/lemower_package/description/Construction cone/construction_cone/model-1_3.sdf
[0.949s] -- Up-to-date symlink: /home/olivier/lemower/dev_ws/src/lemower_package/install/lemower_package/share/lemower_package/description/Construction cone/construction_cone/model-1_4.sdf
[0.949s] -- Up-to-date symlink: /home/olivier/lemower/dev_ws/src/lemower_package/install/lemower_package/share/lemower_package/description/Construction cone/construction_cone/model.config
[0.949s] -- Up-to-date symlink: /home/olivier/lemower/dev_ws/src/lemower_package/install/lemower_package/share/lemower_package/description/Construction cone/construction_cone/model.sdf
[0.950s] -- Up-to-date symlink: /home/olivier/lemower/dev_ws/src/lemower_package/install/lemower_package/share/lemower_package/description/construction_barrel/materials/textures/Construction_Barrel_Diffuse.png
[0.950s] -- Up-to-date symlink: /home/olivier/lemower/dev_ws/src/lemower_package/install/lemower_package/share/lemower_package/description/construction_barrel/materials/textures/Construction_Barrel_Spec.png
[0.950s] -- Up-to-date symlink: /home/olivier/lemower/dev_ws/src/lemower_package/install/lemower_package/share/lemower_package/description/construction_barrel/meshes/construction_barrel.dae
[0.950s] -- Up-to-date symlink: /home/olivier/lemower/dev_ws/src/lemower_package/install/lemower_package/share/lemower_package/description/construction_barrel/model-1_3.sdf
[0.950s] -- Up-to-date symlink: /home/olivier/lemower/dev_ws/src/lemower_package/install/lemower_package/share/lemower_package/description/construction_barrel/model-1_4.sdf
[0.951s] -- Up-to-date symlink: /home/olivier/lemower/dev_ws/src/lemower_package/install/lemower_package/share/lemower_package/description/construction_barrel/model.config
[0.951s] -- Up-to-date symlink: /home/olivier/lemower/dev_ws/src/lemower_package/install/lemower_package/share/lemower_package/description/construction_barrel/model.sdf
[0.951s] -- Up-to-date symlink: /home/olivier/lemower/dev_ws/src/lemower_package/install/lemower_package/share/lemower_package/description/jersey_barrier/materials/textures/jersey_barrier.png
[0.951s] -- Up-to-date symlink: /home/olivier/lemower/dev_ws/src/lemower_package/install/lemower_package/share/lemower_package/description/jersey_barrier/materials/textures/jersey_barrier_diffuse.png
[0.952s] -- Up-to-date symlink: /home/olivier/lemower/dev_ws/src/lemower_package/install/lemower_package/share/lemower_package/description/jersey_barrier/materials/textures/jersey_barrier_spec.png
[0.952s] -- Up-to-date symlink: /home/olivier/lemower/dev_ws/src/lemower_package/install/lemower_package/share/lemower_package/description/jersey_barrier/meshes/jersey_barrier.dae
[0.952s] -- Up-to-date symlink: /home/olivier/lemower/dev_ws/src/lemower_package/install/lemower_package/share/lemower_package/description/jersey_barrier/model-1_4.sdf
[0.952s] -- Up-to-date symlink: /home/olivier/lemower/dev_ws/src/lemower_package/install/lemower_package/share/lemower_package/description/jersey_barrier/model.config
[0.952s] -- Up-to-date symlink: /home/olivier/lemower/dev_ws/src/lemower_package/install/lemower_package/share/lemower_package/description/jersey_barrier/model.sdf
[0.953s] -- Up-to-date symlink: /home/olivier/lemower/dev_ws/src/lemower_package/install/lemower_package/share/lemower_package/description/lemower-old.xacro
[0.953s] -- Up-to-date symlink: /home/olivier/lemower/dev_ws/src/lemower_package/install/lemower_package/share/lemower_package/description/lemower.urdf
[0.953s] -- Up-to-date symlink: /home/olivier/lemower/dev_ws/src/lemower_package/install/lemower_package/share/lemower_package/description/lemower.xacro
[0.953s] -- Up-to-date symlink: /home/olivier/lemower/dev_ws/src/lemower_package/install/lemower_package/share/lemower_package/description/lemower_gazebo.xacro
[0.954s] -- Up-to-date symlink: /home/olivier/lemower/dev_ws/src/lemower_package/install/lemower_package/share/lemower_package/description/lemower_include.xacro
[0.954s] -- Up-to-date symlink: /home/olivier/lemower/dev_ws/src/lemower_package/install/lemower_package/share/lemower_package/description/mon_monde.sdf
[0.954s] -- Up-to-date symlink: /home/olivier/lemower/dev_ws/src/lemower_package/install/lemower_package/share/lemower_package/description/my_lemower.urdf
[0.954s] -- Up-to-date symlink: /home/olivier/lemower/dev_ws/src/lemower_package/install/lemower_package/share/lemower_package/config/gz_bridge.yaml
[0.955s] -- Up-to-date symlink: /home/olivier/lemower/dev_ws/src/lemower_package/install/lemower_package/share/ament_index/resource_index/package_run_dependencies/lemower_package
[0.955s] -- Up-to-date symlink: /home/olivier/lemower/dev_ws/src/lemower_package/install/lemower_package/share/ament_index/resource_index/parent_prefix_path/lemower_package
[0.955s] -- Up-to-date symlink: /home/olivier/lemower/dev_ws/src/lemower_package/install/lemower_package/share/lemower_package/environment/ament_prefix_path.sh
[0.956s] -- Up-to-date symlink: /home/olivier/lemower/dev_ws/src/lemower_package/install/lemower_package/share/lemower_package/environment/ament_prefix_path.dsv
[0.956s] -- Up-to-date symlink: /home/olivier/lemower/dev_ws/src/lemower_package/install/lemower_package/share/lemower_package/environment/path.sh
[0.956s] -- Up-to-date symlink: /home/olivier/lemower/dev_ws/src/lemower_package/install/lemower_package/share/lemower_package/environment/path.dsv
[0.957s] -- Up-to-date symlink: /home/olivier/lemower/dev_ws/src/lemower_package/install/lemower_package/share/lemower_package/local_setup.bash
[0.957s] -- Up-to-date symlink: /home/olivier/lemower/dev_ws/src/lemower_package/install/lemower_package/share/lemower_package/local_setup.sh
[0.957s] -- Up-to-date symlink: /home/olivier/lemower/dev_ws/src/lemower_package/install/lemower_package/share/lemower_package/local_setup.zsh
[0.958s] -- Up-to-date symlink: /home/olivier/lemower/dev_ws/src/lemower_package/install/lemower_package/share/lemower_package/local_setup.dsv
[0.958s] -- Symlinking: /home/olivier/lemower/dev_ws/src/lemower_package/install/lemower_package/share/lemower_package/package.dsv
[0.976s] -- Up-to-date symlink: /home/olivier/lemower/dev_ws/src/lemower_package/install/lemower_package/share/ament_index/resource_index/packages/lemower_package
[0.976s] -- Up-to-date symlink: /home/olivier/lemower/dev_ws/src/lemower_package/install/lemower_package/share/lemower_package/cmake/lemower_packageConfig.cmake
[0.976s] -- Up-to-date symlink: /home/olivier/lemower/dev_ws/src/lemower_package/install/lemower_package/share/lemower_package/cmake/lemower_packageConfig-version.cmake
[0.976s] -- Up-to-date symlink: /home/olivier/lemower/dev_ws/src/lemower_package/install/lemower_package/share/lemower_package/package.xml
[0.980s] Invoked command in '/home/olivier/lemower/dev_ws/src/lemower_package/build/lemower_package' returned '0': CMAKE_PREFIX_PATH=${CMAKE_PREFIX_PATH}:/opt/ros/jazzy DEBUGINFOD_URLS=https://debuginfod.ubuntu.com /usr/bin/cmake --install /home/olivier/lemower/dev_ws/src/lemower_package/build/lemower_package
