-- Found ament_cmake: 2.5.6 (/opt/ros/jazzy/share/ament_cmake/cmake)
-- Override CMake install command with custom implementation using symlinks instead of copying resources
-- Found ament_lint_auto: 0.17.5 (/opt/ros/jazzy/share/ament_lint_auto/cmake)
-- Added test 'cppcheck' to perform static code analysis on C / C++ code
-- Configured cppcheck include dirs: 
-- Configured cppcheck exclude dirs and/or files: 
-- Added test 'flake8' to check Python code syntax and style conventions
-- Configured 'flake8' exclude dirs and/or files: 
-- Added test 'lint_cmake' to check CMake code style
-- Added test 'pep257' to check Python code against some of the docstring style conventions in PEP 257
-- Added test 'uncrustify' to check C / C++ code style
-- Configured uncrustify additional arguments: 
-- Added test 'xmllint' to check XML markup files
-- Configuring done (0.8s)
-- Generating done (0.0s)
-- Build files have been written to: /home/olivier/lemower/dev_ws/src/lemower_package/build/lemower_package
-- Install configuration: ""
-- Execute custom install script
-- Up-to-date symlink: /home/olivier/lemower/dev_ws/src/lemower_package/install/lemower_package/share/lemower_package/launch/gazebo.launch.py
-- Up-to-date symlink: /home/olivier/lemower/dev_ws/src/lemower_package/install/lemower_package/share/lemower_package/launch/rsp.launch.py
-- Symlinking: /home/olivier/lemower/dev_ws/src/lemower_package/install/lemower_package/share/lemower_package/description/Construction cone/construction_cone/materials/textures/Construction_Cone_Diffuse.png
-- Symlinking: /home/olivier/lemower/dev_ws/src/lemower_package/install/lemower_package/share/lemower_package/description/Construction cone/construction_cone/meshes/construction_cone.dae
-- Symlinking: /home/olivier/lemower/dev_ws/src/lemower_package/install/lemower_package/share/lemower_package/description/Construction cone/construction_cone/model-1_3.sdf
-- Symlinking: /home/olivier/lemower/dev_ws/src/lemower_package/install/lemower_package/share/lemower_package/description/Construction cone/construction_cone/model-1_4.sdf
-- Symlinking: /home/olivier/lemower/dev_ws/src/lemower_package/install/lemower_package/share/lemower_package/description/Construction cone/construction_cone/model.config
-- Symlinking: /home/olivier/lemower/dev_ws/src/lemower_package/install/lemower_package/share/lemower_package/description/Construction cone/construction_cone/model.sdf
-- Symlinking: /home/olivier/lemower/dev_ws/src/lemower_package/install/lemower_package/share/lemower_package/description/construction_barrel/materials/textures/Construction_Barrel_Diffuse.png
-- Symlinking: /home/olivier/lemower/dev_ws/src/lemower_package/install/lemower_package/share/lemower_package/description/construction_barrel/materials/textures/Construction_Barrel_Spec.png
-- Symlinking: /home/olivier/lemower/dev_ws/src/lemower_package/install/lemower_package/share/lemower_package/description/construction_barrel/meshes/construction_barrel.dae
-- Symlinking: /home/olivier/lemower/dev_ws/src/lemower_package/install/lemower_package/share/lemower_package/description/construction_barrel/model-1_3.sdf
-- Symlinking: /home/olivier/lemower/dev_ws/src/lemower_package/install/lemower_package/share/lemower_package/description/construction_barrel/model-1_4.sdf
-- Symlinking: /home/olivier/lemower/dev_ws/src/lemower_package/install/lemower_package/share/lemower_package/description/construction_barrel/model.config
-- Symlinking: /home/olivier/lemower/dev_ws/src/lemower_package/install/lemower_package/share/lemower_package/description/construction_barrel/model.sdf
-- Symlinking: /home/olivier/lemower/dev_ws/src/lemower_package/install/lemower_package/share/lemower_package/description/jersey_barrier/materials/textures/jersey_barrier.png
-- Symlinking: /home/olivier/lemower/dev_ws/src/lemower_package/install/lemower_package/share/lemower_package/description/jersey_barrier/materials/textures/jersey_barrier_diffuse.png
-- Symlinking: /home/olivier/lemower/dev_ws/src/lemower_package/install/lemower_package/share/lemower_package/description/jersey_barrier/materials/textures/jersey_barrier_spec.png
-- Symlinking: /home/olivier/lemower/dev_ws/src/lemower_package/install/lemower_package/share/lemower_package/description/jersey_barrier/meshes/jersey_barrier.dae
-- Symlinking: /home/olivier/lemower/dev_ws/src/lemower_package/install/lemower_package/share/lemower_package/description/jersey_barrier/model-1_4.sdf
-- Symlinking: /home/olivier/lemower/dev_ws/src/lemower_package/install/lemower_package/share/lemower_package/description/jersey_barrier/model.config
-- Symlinking: /home/olivier/lemower/dev_ws/src/lemower_package/install/lemower_package/share/lemower_package/description/jersey_barrier/model.sdf
-- Symlinking: /home/olivier/lemower/dev_ws/src/lemower_package/install/lemower_package/share/lemower_package/description/lemower-old.xacro
-- Symlinking: /home/olivier/lemower/dev_ws/src/lemower_package/install/lemower_package/share/lemower_package/description/lemower.urdf
-- Symlinking: /home/olivier/lemower/dev_ws/src/lemower_package/install/lemower_package/share/lemower_package/description/lemower.xacro
-- Symlinking: /home/olivier/lemower/dev_ws/src/lemower_package/install/lemower_package/share/lemower_package/description/lemower_gazebo.xacro
-- Symlinking: /home/olivier/lemower/dev_ws/src/lemower_package/install/lemower_package/share/lemower_package/description/lemower_include.xacro
-- Symlinking: /home/olivier/lemower/dev_ws/src/lemower_package/install/lemower_package/share/lemower_package/description/mon_monde.sdf
-- Symlinking: /home/olivier/lemower/dev_ws/src/lemower_package/install/lemower_package/share/lemower_package/description/my_lemower.urdf
-- Up-to-date symlink: /home/olivier/lemower/dev_ws/src/lemower_package/install/lemower_package/share/ament_index/resource_index/package_run_dependencies/lemower_package
-- Up-to-date symlink: /home/olivier/lemower/dev_ws/src/lemower_package/install/lemower_package/share/ament_index/resource_index/parent_prefix_path/lemower_package
-- Up-to-date symlink: /home/olivier/lemower/dev_ws/src/lemower_package/install/lemower_package/share/lemower_package/environment/ament_prefix_path.sh
-- Up-to-date symlink: /home/olivier/lemower/dev_ws/src/lemower_package/install/lemower_package/share/lemower_package/environment/ament_prefix_path.dsv
-- Up-to-date symlink: /home/olivier/lemower/dev_ws/src/lemower_package/install/lemower_package/share/lemower_package/environment/path.sh
-- Up-to-date symlink: /home/olivier/lemower/dev_ws/src/lemower_package/install/lemower_package/share/lemower_package/environment/path.dsv
-- Up-to-date symlink: /home/olivier/lemower/dev_ws/src/lemower_package/install/lemower_package/share/lemower_package/local_setup.bash
-- Up-to-date symlink: /home/olivier/lemower/dev_ws/src/lemower_package/install/lemower_package/share/lemower_package/local_setup.sh
-- Up-to-date symlink: /home/olivier/lemower/dev_ws/src/lemower_package/install/lemower_package/share/lemower_package/local_setup.zsh
-- Up-to-date symlink: /home/olivier/lemower/dev_ws/src/lemower_package/install/lemower_package/share/lemower_package/local_setup.dsv
-- Symlinking: /home/olivier/lemower/dev_ws/src/lemower_package/install/lemower_package/share/lemower_package/package.dsv
-- Up-to-date symlink: /home/olivier/lemower/dev_ws/src/lemower_package/install/lemower_package/share/ament_index/resource_index/packages/lemower_package
-- Up-to-date symlink: /home/olivier/lemower/dev_ws/src/lemower_package/install/lemower_package/share/lemower_package/cmake/lemower_packageConfig.cmake
-- Up-to-date symlink: /home/olivier/lemower/dev_ws/src/lemower_package/install/lemower_package/share/lemower_package/cmake/lemower_packageConfig-version.cmake
-- Up-to-date symlink: /home/olivier/lemower/dev_ws/src/lemower_package/install/lemower_package/share/lemower_package/package.xml
